[2026-07-17 00:20:04] === Inicio: 24 combinaciones a generar ===
[2026-07-17 00:20:04] Resultados en: data/processed/combinaciones/
[2026-07-17 00:20:04] 
--- Red: N505 ---
[2026-07-17 00:20:04]   [START] N505 r0s3 (radio=0, steps=2, S=3)
[2026-07-17 00:30:59]   [OK] N505 r0s3 — (505, 2910) — 10.9 min
[2026-07-17 00:30:59]   [START] N505 r0s6 (radio=0, steps=5, S=6)
[2026-07-17 00:41:52]   [OK] N505 r0s6 — (505, 2910) — 10.9 min
[2026-07-17 00:41:52]   [START] N505 r0s10 (radio=0, steps=9, S=10)
[2026-07-17 00:52:46]   [OK] N505 r0s10 — (505, 2910) — 10.9 min
[2026-07-17 00:52:46]   [START] N505 r1s3 (radio=1, steps=2, S=3)
[2026-07-17 01:03:51]   [OK] N505 r1s3 — (505, 2910) — 11.1 min
[2026-07-17 01:03:51]   [START] N505 r1s6 (radio=1, steps=5, S=6)
[2026-07-17 01:15:13]   [OK] N505 r1s6 — (505, 2910) — 11.4 min
[2026-07-17 01:15:13]   [START] N505 r1s10 (radio=1, steps=9, S=10)
[2026-07-17 01:26:57]   [OK] N505 r1s10 — (505, 2910) — 11.7 min
[2026-07-17 01:26:57]   [START] N505 r2s3 (radio=2, steps=2, S=3)
[2026-07-17 01:38:35]   [OK] N505 r2s3 — (505, 2910) — 11.6 min
[2026-07-17 01:38:35]   [START] N505 r2s6 (radio=2, steps=5, S=6)
[2026-07-17 01:50:53]   [OK] N505 r2s6 — (505, 2910) — 12.3 min
[2026-07-17 01:50:53]   [START] N505 r2s10 (radio=2, steps=9, S=10)
[2026-07-17 02:04:04]   [OK] N505 r2s10 — (505, 2910) — 13.2 min
[2026-07-17 02:04:04]   [START] N505 r3s3 (radio=3, steps=2, S=3)
[2026-07-17 02:16:27]   [OK] N505 r3s3 — (505, 2910) — 12.4 min
[2026-07-17 02:16:27]   [START] N505 r3s6 (radio=3, steps=5, S=6)
[2026-07-17 02:30:02]   [OK] N505 r3s6 — (505, 2910) — 13.6 min
[2026-07-17 02:30:02]   [START] N505 r3s10 (radio=3, steps=9, S=10)
[2026-07-17 02:45:15]   [OK] N505 r3s10 — (505, 2910) — 15.2 min
[2026-07-17 02:45:15] 
--- Red: N1207 ---
[2026-07-17 02:45:15]   [START] N1207 r0s3 (radio=0, steps=2, S=3)
[2026-07-17 02:56:20]   [OK] N1207 r0s3 — (1207, 2910) — 11.1 min
[2026-07-17 02:56:20]   [START] N1207 r0s6 (radio=0, steps=5, S=6)
[2026-07-17 03:07:31]   [OK] N1207 r0s6 — (1207, 2910) — 11.2 min
[2026-07-17 03:07:31]   [START] N1207 r0s10 (radio=0, steps=9, S=10)
[2026-07-17 03:18:52]   [OK] N1207 r0s10 — (1207, 2910) — 11.3 min
[2026-07-17 03:18:52]   [START] N1207 r1s3 (radio=1, steps=2, S=3)
[2026-07-17 03:30:42]   [OK] N1207 r1s3 — (1207, 2910) — 11.8 min
[2026-07-17 03:30:42]   [START] N1207 r1s6 (radio=1, steps=5, S=6)
[2026-07-17 03:43:11]   [OK] N1207 r1s6 — (1207, 2910) — 12.5 min
[2026-07-17 03:43:11]   [START] N1207 r1s10 (radio=1, steps=9, S=10)
[2026-07-17 03:56:36]   [OK] N1207 r1s10 — (1207, 2910) — 13.4 min
[2026-07-17 03:56:36]   [START] N1207 r2s3 (radio=2, steps=2, S=3)
[2026-07-17 04:09:39]   [OK] N1207 r2s3 — (1207, 2910) — 13.1 min
[2026-07-17 04:09:39]   [START] N1207 r2s6 (radio=2, steps=5, S=6)
[2026-07-17 04:24:19]   [OK] N1207 r2s6 — (1207, 2910) — 14.7 min
[2026-07-17 04:24:19]   [START] N1207 r2s10 (radio=2, steps=9, S=10)
[2026-07-17 04:41:06]   [OK] N1207 r2s10 — (1207, 2910) — 16.8 min
[2026-07-17 04:41:06]   [START] N1207 r3s3 (radio=3, steps=2, S=3)
[2026-07-17 04:55:54]   [OK] N1207 r3s3 — (1207, 2910) — 14.8 min
[2026-07-17 04:55:54]   [START] N1207 r3s6 (radio=3, steps=5, S=6)
[2026-07-17 05:13:35]   [OK] N1207 r3s6 — (1207, 2910) — 17.7 min
[2026-07-17 05:13:35]   [START] N1207 r3s10 (radio=3, steps=9, S=10)
[2026-07-17 05:35:08]   [OK] N1207 r3s10 — (1207, 2910) — 21.5 min
[2026-07-17 05:35:08] 
=== Fin: 24/24 completados (0 saltados) ===
[2026-07-17 05:35:08] Archivos en: data/processed/combinaciones/
